                                                                                                                                                                                                                                                                                                                                                                           ]777;notify;Command completed;bash >test-log.txt>Hello\]777;precmd\]0;alexis@centaurus-fedora:~/Documents/import-cours\]7;file://centaurus-fedora/home/alexis/Documents/import-cours\